// Jest Snapshot v1, https://goo.gl/fbAQLP

exports[`Header component should match snapshot 1`] = `
<styled.header>
  <styled.h1>
    Stock Trades
  </styled.h1>
</styled.header>
`;
