// Jest Snapshot v1, https://goo.gl/fbAQLP

exports[`Home component should match snapshot 1`] = `
<styled.div>
  <styled.aside>
    <TradeForm
      symbols={Array []}
    />
  </styled.aside>
  <styled.section>
    <TradesTable
      rowData={Array []}
    />
  </styled.section>
</styled.div>
`;
